// Jest Snapshot v1, https://goo.gl/fbAQLP

exports[`toc generateToC() snapshot of platform docs 1`] = `
Object {
  "items": Array [
    Object {
      "title": "Welcome to the Stoplight Docs!",
      "type": "item",
      "uri": "/a.introduction.md",
    },
    Object {
      "title": "Introduction to Stoplight Platform",
      "type": "item",
      "uri": "/b.overview.md",
    },
    Object {
      "title": "Troubleshooting",
      "type": "item",
      "uri": "/c.troubleshooting.md",
    },
    Object {
      "title": "1.-quickstarts",
      "type": "divider",
    },
    Object {
      "title": "Add Projects",
      "type": "item",
      "uri": "/1.-quickstarts/add-projects-quickstart.md",
    },
    Object {
      "title": "Share Documentation",
      "type": "item",
      "uri": "/1.-quickstarts/share-documentation-quickstart.md",
    },
    Object {
      "title": "2.-workspaces",
      "type": "divider",
    },
    Object {
      "title": "Creating a workspace",
      "type": "item",
      "uri": "/2.-workspaces/a.creating-a-workspace.md",
    },
    Object {
      "title": "Add Projects",
      "type": "item",
      "uri": "/2.-workspaces/b.adding-projects.md",
    },
    Object {
      "title": "Configure Projects",
      "type": "item",
      "uri": "/2.-workspaces/c.config.md",
    },
    Object {
      "items": Array [
        Object {
          "title": "Overview",
          "type": "item",
          "uri": "/2.-workspaces/configure-git/a.configuring-git.md",
        },
        Object {
          "title": "Bitbucket Cloud",
          "type": "item",
          "uri": "/2.-workspaces/configure-git/b.bitbucket-cloud.md",
        },
        Object {
          "title": "Bitbucket Server",
          "type": "item",
          "uri": "/2.-workspaces/configure-git/c.bitbucket-server.md",
        },
        Object {
          "title": "GitHub Enterprise",
          "type": "item",
          "uri": "/2.-workspaces/configure-git/d.github-enterprise.md",
        },
        Object {
          "title": "GitLab",
          "type": "item",
          "uri": "/2.-workspaces/configure-git/e.gitlab.md",
        },
        Object {
          "title": "Gitea",
          "type": "item",
          "uri": "/2.-workspaces/configure-git/f.gitea.md",
        },
      ],
      "title": "configure-git",
      "type": "group",
    },
    Object {
      "title": "Organize Your Team",
      "type": "item",
      "uri": "/2.-workspaces/d.inviting-your-team.md",
    },
    Object {
      "title": "Single Sign-On",
      "type": "item",
      "uri": "/2.-workspaces/e.configuring-authentication.md",
    },
    Object {
      "title": "Work with Local Projects",
      "type": "item",
      "uri": "/2.-workspaces/f.working-with-local-projects.md",
    },
    Object {
      "title": "Publishing",
      "type": "item",
      "uri": "/2.-workspaces/g.automating-publishing.md",
    },
    Object {
      "title": "Branch Management",
      "type": "item",
      "uri": "/2.-workspaces/h.branch-management.md",
    },
    Object {
      "title": "Integrate Behind the Firewall",
      "type": "item",
      "uri": "/2.-workspaces/i.allowlisting-ips.md",
    },
    Object {
      "title": "3.-design",
      "type": "divider",
    },
    Object {
      "title": "Overview",
      "type": "item",
      "uri": "/3.-design/a.overview.md",
    },
    Object {
      "title": "Start a new API design",
      "type": "item",
      "uri": "/3.-design/b.starting-a-new-api-design.md",
    },
    Object {
      "title": "Review API Designs",
      "type": "item",
      "uri": "/3.-design/c.reviewing-your-api-design.md",
    },
    Object {
      "title": "Working with Mock Servers",
      "type": "item",
      "uri": "/3.-design/d.setting-up-a-mock-server.md",
    },
    Object {
      "title": "4.-documentation",
      "type": "divider",
    },
    Object {
      "title": "Overview",
      "type": "item",
      "uri": "/4.-documentation/a.overview.md",
    },
    Object {
      "title": "Types of Documentation",
      "type": "item",
      "uri": "/4.-documentation/b.types-of-documentation.md",
    },
    Object {
      "title": "Quality API Reference Documentation",
      "type": "item",
      "uri": "/4.-documentation/c.quality-api-reference-docs.md",
    },
    Object {
      "title": "5.-governance",
      "type": "divider",
    },
    Object {
      "title": "Overview",
      "type": "item",
      "uri": "/5.-governance/a.overview.md",
    },
    Object {
      "title": "Get Started with API Governance",
      "type": "item",
      "uri": "/5.-governance/b.getting-started-with-api-governance.md",
    },
    Object {
      "title": "Exploring your API projects",
      "type": "item",
      "uri": "/5.-governance/bb.exploring-your-api-projects.md",
    },
    Object {
      "title": "Creating a Design Library",
      "type": "item",
      "uri": "/5.-governance/c.creating-a-design-library.md",
    },
    Object {
      "title": "Style Guides",
      "type": "item",
      "uri": "/5.-governance/d.style-guides.md",
    },
    Object {
      "title": "6.-migrations",
      "type": "divider",
    },
    Object {
      "title": "Migrating from NEXT",
      "type": "item",
      "uri": "/6.-migrations/next.md",
    },
    Object {
      "title": "Migrating from Postman",
      "type": "item",
      "uri": "/6.-migrations/postman.md",
    },
  ],
}
`;
