// Jest Snapshot v1, https://goo.gl/fbAQLP

exports[`HTML Prettifier should prettify content 1`] = `
"<html>
  <head>
    <style>
      .foo{display:block}
    </style>
  </head>
  <body>
    <div>a</div>
  </body>
</html>
"
`;
