// Jest Snapshot v1, https://goo.gl/fbAQLP

exports[`JSON Prettifier should prettify content 1`] = `
"{
  \\"foo\\": true,
  \\"bar\\": false
}"
`;
